// Jest Snapshot v1, https://goo.gl/fbAQLP

exports[`Todo Search should match snapshoot 1`] = `
<div>
  <styled.div
    className="position-relative"
  >
    <input
      className="form-control"
      id="todo_search_input"
      onChange={[Function]}
      placeholder="Hi, i'm a search box"
    />
  </styled.div>
</div>
`;
